>>> spark.sql("SELECT elt(1, 10, 20)").printSchema()
root
 |-- elt(1, 10, 20): string (nullable = true)

>>> spark.sql("SELECT elt(1, 10, 20)").show()
+--------------+
|elt(1, 10, 20)|
+--------------+
|            10|
+--------------+

>>> spark.sql("SELECT elt(1, 'scala', 'java')").show()
+-------------------+
|elt(1, scala, java)|
+-------------------+
|              scala|
+-------------------+

>>> spark.sql("SELECT elt(11, 10, 20)").show()
+---------------+
|elt(11, 10, 20)|
+---------------+
|           NULL|
+---------------+

>>> spark.sql("SELECT elt(1, 'scala', 3) AS col UNION ALL SELECT elt(2, 'scala', 3)").show()
+-----+
|  col|
+-----+
|    3|
|scala|
+-----+

# If spark.sql.ansi.enabled is set to true, it throws ArrayIndexOutOfBoundsException for invalid indices.
